SCIP version 10.0.2 [precision: 8 byte] [memory: block] [mode: optimized] [LP solver: SoPlex 8.0.2] [GitHash: b8eaf989f9]
Copyright (c) 2002-2026 Zuse Institute Berlin (ZIB)

External libraries: 
  SoPlex 8.0.2         Linear programming solver developed at Zuse Institute Berlin (soplex.zib.de) [GitHash: cfadddc4]
  CppAD 20180000.0     Algorithmic Differentiation of C++ algorithms developed by B. Bell (github.com/coin-or/CppAD)
  ZLIB 1.3.1           General purpose compression library by J. Gailly and M. Adler (zlib.net)
  MPFR 4.2.2           GNU Multiple Precision Floating-Point Reliable Library (mpfr.org)
  Boost 1.89.0         Boost C++ Libraries (boost.org)
  TinyCThread 1.2      small portable implementation of the C11 threads API (tinycthread.github.io)
  GMP 6.3.0            GNU Multiple Precision Arithmetic Library developed by T. Granlund (gmplib.org)
  ZIMPL 3.7.1          Zuse Institute Mathematical Programming Language developed by T. Koch (zimpl.zib.de)
  AMPL/MP 4.0.4        AMPL .nl file reader library (github.com/ampl/mp)
  PaPILO 3.0.0         parallel presolve for integer and linear optimization (github.com/scipopt/papilo) (built with TBB) [GitHash: 4cbdc327]
  Nauty 2.8.8          Computing Graph Automorphism Groups by Brendan D. McKay (users.cecs.anu.edu.au/~bdm/nauty)
  sassy 2.1            Symmetry preprocessor by Markus Anders (github.com/markusa4/sassy)
  Ipopt 3.14.19        Interior Point Optimizer developed by A. Waechter et.al. (github.com/coin-or/Ipopt)

user parameter file <scip.set> not found - using default parameters


read problem <E:\code\scip\ZPL\lp-files\case7.lp>
============

original problem has 14 variables (0 bin, 0 int, 14 cont) and 17 constraints

presolving:
(round 1, fast)       0 del vars, 0 del conss, 0 add conss, 4 chg bounds, 0 chg sides, 0 chg coeffs, 0 upgd conss, 0 impls, 0 clqs, 0 implints
   (0.0s) symmetry computation started: requiring (bin +, int +, cont +), (fixed: bin -, int -, cont -)
   (0.0s) no symmetry present (symcode time: 0.00)
presolving (2 rounds: 2 fast, 1 medium, 1 exhaustive):
 0 deleted vars, 0 deleted constraints, 0 added constraints, 4 tightened bounds, 0 added holes, 0 changed sides, 0 changed coefficients
 0 implications, 0 cliques, 0 implied integral variables (0 bin, 0 int, 0 cont)
presolved problem has 14 variables (0 bin, 0 int, 14 cont) and 17 constraints
     12 constraints of type <linear>
      5 constraints of type <nonlinear>
Presolving Time: 0.00

 time | node  | left  |LP iter|LP it/n|mem/heur|mdpt |vars |cons |rows |cuts |sepa|confs|strbr|  dualbound   | primalbound  |  gap   | compl. 
  0.0s|     1 |     0 |     3 |     - |  1567k |   0 |  29 |  17 |  26 |   0 |  0 |   0 |   0 | 3.000000e+00 |      --      |    Inf | unknown
L 0.0s|     1 |     0 |     5 |     - |  subnlp|   0 |  29 |  17 |  26 |   0 |  0 |   0 |   0 | 3.000000e+00 | 5.007500e-01 | 499.10%| unknown
  0.0s|     1 |     0 |    17 |     - |  1619k |   0 |  29 |  17 |  30 |   4 |  1 |   0 |   0 | 2.000000e+00 | 5.007500e-01 | 299.40%| unknown
  0.0s|     1 |     0 |    17 |     - |  1619k |   0 |  29 |  17 |  30 |   4 |  1 |   0 |   0 | 2.000000e+00 | 5.007500e-01 | 299.40%| unknown
  0.0s|     1 |     0 |    21 |     - |  1619k |   0 |  29 |  17 |  31 |   5 |  2 |   0 |   0 | 2.000000e+00 | 5.007500e-01 | 299.40%| unknown
  0.0s|     1 |     0 |    27 |     - |  1619k |   0 |  29 |  17 |  33 |   7 |  3 |   0 |   0 | 1.666667e+00 | 5.007500e-01 | 232.83%| unknown
  0.0s|     1 |     0 |    27 |     - |  1619k |   0 |  29 |  17 |  33 |   7 |  3 |   0 |   0 | 1.666667e+00 | 5.007500e-01 | 232.83%| unknown
  0.0s|     1 |     0 |   302 |     - |  1622k |   0 |  29 |  17 |  33 |   7 |  4 |   0 |   0 | 1.666667e+00 | 5.007500e-01 | 232.83%| unknown
  0.0s|     1 |     0 |   307 |     - |  1622k |   0 |  29 |  17 |  35 |   9 |  5 |   0 |   0 | 1.638847e+00 | 5.007500e-01 | 227.28%| unknown
  0.0s|     1 |     0 |   308 |     - |  1622k |   0 |  29 |  17 |  36 |  10 |  6 |   0 |   0 | 1.638847e+00 | 5.007500e-01 | 227.28%| unknown
L 0.0s|     1 |     0 |   308 |     - |multista|   0 |  29 |  17 |  36 |  10 |  7 |   0 |   0 | 1.638847e+00 | 5.561482e-01 | 194.68%| unknown
L 0.0s|     1 |     0 |   308 |     - |multista|   0 |  29 |  17 |  36 |  10 |  7 |   0 |   0 | 1.638847e+00 | 5.561482e-01 | 194.68%| unknown
  0.0s|     1 |     0 |   308 |     - |  1699k |   0 |  29 |  17 |  36 |  10 |  7 |   0 |   0 | 1.638847e+00 | 5.561482e-01 | 194.68%| unknown
  0.0s|     1 |     2 |   308 |     - |  1700k |   0 |  29 |  17 |  36 |  10 |  8 |   0 |   0 | 1.638847e+00 | 5.561482e-01 | 194.68%| unknown
L 0.0s|     4 |     5 |   327 |  94.0 |  subnlp|   2 |  29 |  17 |  36 |  26 |  2 |   0 |   0 | 1.310192e+00 | 5.561482e-01 | 135.58%| unknown
 time | node  | left  |LP iter|LP it/n|mem/heur|mdpt |vars |cons |rows |cuts |sepa|confs|strbr|  dualbound   | primalbound  |  gap   | compl. 
  0.0s|   100 |    49 |  1195 |  11.6 |  2001k |   8 |  29 |  17 |  50 | 509 |  5 |   1 |   0 | 8.666356e-01 | 5.561482e-01 |  55.83%|  38.55%
  0.0s|   200 |    99 |  1943 |   9.5 |  2315k |   9 |  29 |  17 |  67 | 946 |  3 |   2 |   0 | 6.633399e-01 | 5.561482e-01 |  19.27%|  62.80%
  0.0s|   300 |   115 |  2542 |   8.4 |  2443k |  11 |  29 |  17 |  70 |1301 |  1 |   2 |   0 | 6.165386e-01 | 5.561482e-01 |  10.86%|  77.15%
  0.0s|   400 |    93 |  2944 |   7.3 |  2485k |  11 |  29 |  17 |  55 |1568 |  1 |   3 |   0 | 5.845403e-01 | 5.561482e-01 |   5.11%|  88.28%
  0.0s|   500 |    63 |  3215 |   6.4 |  2502k |  15 |  29 |  17 |  72 |1783 |  3 |   4 |   0 | 5.658528e-01 | 5.561482e-01 |   1.74%|  95.26%
  0.0s|   600 |    31 |  3426 |   5.6 |  2573k |  22 |  29 |  17 |  73 |1934 |  1 |   4 |   0 | 5.596383e-01 | 5.561482e-01 |   0.63%|  98.84%
* 0.0s|   632 |    29 |  3475 |   5.4 |    LP  |  22 |  29 |  17 |  67 |1962 |  2 |   4 |   0 | 5.595690e-01 | 5.561489e-01 |   0.61%|  98.93%
* 0.0s|   644 |    23 |  3489 |   5.4 |    LP  |  23 |  29 |  17 |  75 |1971 |  2 |   4 |   0 | 5.595690e-01 | 5.561490e-01 |   0.61%|  98.93%
* 0.0s|   647 |    22 |  3493 |   5.3 |    LP  |  23 |  29 |  17 |  77 |1973 |  2 |   4 |   0 | 5.595690e-01 | 5.561492e-01 |   0.61%|  98.93%
  0.0s|   700 |     5 |  3567 |   5.0 |  2644k |  23 |  29 |  17 |  66 |2007 |  1 |   4 |   0 | 5.574931e-01 | 5.561492e-01 |   0.24%|  99.87%

SCIP Status        : problem is solved [optimal solution found]
Solving Time (sec) : 0.00
Solving Nodes      : 745
Primal Bound       : +5.56149188937210e-01 (8 solutions)
Dual Bound         : +5.56149188937210e-01
Gap                : 0.00 %


solution status: optimal solution found
objective value:                     0.55614918893721
objvar                               0.55614918893721 	(obj:1)
w1                                  0.250323249319595 	(obj:0)
w2                                  0.250323249319595 	(obj:0)
w3                                  0.250030252041215 	(obj:0)
a1                                  0.749969747958784 	(obj:0)
b1                                  0.749969747958784 	(obj:0)
c1                                  0.250030252041216 	(obj:0)
n1                                  0.333778729072868 	(obj:0)
n2                                   0.33377831521758 	(obj:0)
n3                                                  1 	(obj:0)
n12                                 0.111407855353238 	(obj:0)
written solution information to file <E:\code\scip\ZPL\logs\case7.sol>


