SCIP version 10.0.2 [precision: 8 byte] [memory: block] [mode: optimized] [LP solver: SoPlex 8.0.2] [GitHash: b8eaf989f9]
Copyright (c) 2002-2026 Zuse Institute Berlin (ZIB)

External libraries: 
  SoPlex 8.0.2         Linear programming solver developed at Zuse Institute Berlin (soplex.zib.de) [GitHash: cfadddc4]
  CppAD 20180000.0     Algorithmic Differentiation of C++ algorithms developed by B. Bell (github.com/coin-or/CppAD)
  ZLIB 1.3.1           General purpose compression library by J. Gailly and M. Adler (zlib.net)
  MPFR 4.2.2           GNU Multiple Precision Floating-Point Reliable Library (mpfr.org)
  Boost 1.89.0         Boost C++ Libraries (boost.org)
  TinyCThread 1.2      small portable implementation of the C11 threads API (tinycthread.github.io)
  GMP 6.3.0            GNU Multiple Precision Arithmetic Library developed by T. Granlund (gmplib.org)
  ZIMPL 3.7.1          Zuse Institute Mathematical Programming Language developed by T. Koch (zimpl.zib.de)
  AMPL/MP 4.0.4        AMPL .nl file reader library (github.com/ampl/mp)
  PaPILO 3.0.0         parallel presolve for integer and linear optimization (github.com/scipopt/papilo) (built with TBB) [GitHash: 4cbdc327]
  Nauty 2.8.8          Computing Graph Automorphism Groups by Brendan D. McKay (users.cecs.anu.edu.au/~bdm/nauty)
  sassy 2.1            Symmetry preprocessor by Markus Anders (github.com/markusa4/sassy)
  Ipopt 3.14.19        Interior Point Optimizer developed by A. Waechter et.al. (github.com/coin-or/Ipopt)

user parameter file <scip.set> not found - using default parameters


read problem <case5.lp>
============

original problem has 15 variables (0 bin, 0 int, 15 cont) and 18 constraints

presolving:
(round 1, fast)       0 del vars, 0 del conss, 0 add conss, 4 chg bounds, 0 chg sides, 0 chg coeffs, 0 upgd conss, 0 impls, 0 clqs, 0 implints
   (0.0s) symmetry computation started: requiring (bin +, int +, cont +), (fixed: bin -, int -, cont -)
   (0.0s) no symmetry present (symcode time: 0.00)
presolving (2 rounds: 2 fast, 1 medium, 1 exhaustive):
 0 deleted vars, 0 deleted constraints, 0 added constraints, 4 tightened bounds, 0 added holes, 0 changed sides, 0 changed coefficients
 0 implications, 0 cliques, 0 implied integral variables (0 bin, 0 int, 0 cont)
presolved problem has 15 variables (0 bin, 0 int, 15 cont) and 18 constraints
     12 constraints of type <linear>
      6 constraints of type <nonlinear>
Presolving Time: 0.00

 time | node  | left  |LP iter|LP it/n|mem/heur|mdpt |vars |cons |rows |cuts |sepa|confs|strbr|  dualbound   | primalbound  |  gap   | compl. 
  0.0s|     1 |     0 |     4 |     - |  1568k |   0 |  30 |  18 |  26 |   0 |  0 |   0 |   0 | 2.000000e+00 |      --      |    Inf | unknown
L 1.0s|     1 |     0 |     6 |     - |  subnlp|   0 |  30 |  18 |  26 |   0 |  0 |   0 |   0 | 2.000000e+00 | 5.020020e-01 | 298.40%| unknown
  1.0s|     1 |     0 |    14 |     - |  1619k |   0 |  30 |  18 |  28 |   2 |  1 |   0 |   0 | 2.000000e+00 | 5.020020e-01 | 298.40%| unknown
  1.0s|     1 |     0 |    14 |     - |  1619k |   0 |  30 |  18 |  28 |   2 |  1 |   0 |   0 | 2.000000e+00 | 5.020020e-01 | 298.40%| unknown
  1.0s|     1 |     0 |    19 |     - |  1619k |   0 |  30 |  18 |  31 |   5 |  2 |   0 |   0 | 1.000000e+00 | 5.020020e-01 |  99.20%| unknown
  1.0s|     1 |     0 |    20 |     - |  1619k |   0 |  30 |  18 |  33 |   7 |  3 |   0 |   0 | 1.000000e+00 | 5.020020e-01 |  99.20%| unknown
  1.0s|     1 |     0 |   348 |     - |  1624k |   0 |  30 |  18 |  33 |   7 |  4 |   0 |   0 | 1.000000e+00 | 5.020020e-01 |  99.20%| unknown
  1.0s|     1 |     0 |   350 |     - |  1624k |   0 |  30 |  18 |  34 |   8 |  5 |   0 |   0 | 1.000000e+00 | 5.020020e-01 |  99.20%| unknown
  1.0s|     1 |     0 |   352 |     - |  1624k |   0 |  30 |  18 |  36 |  10 |  6 |   0 |   0 | 1.000000e+00 | 5.020020e-01 |  99.20%| unknown
L 1.0s|     1 |     0 |   352 |     - |multista|   0 |  30 |  18 |  36 |  10 |  7 |   0 |   0 | 1.000000e+00 | 5.020020e-01 |  99.20%| unknown
L 1.0s|     1 |     0 |   352 |     - |multista|   0 |  30 |  18 |  36 |  10 |  7 |   0 |   0 | 1.000000e+00 | 5.020020e-01 |  99.20%| unknown
  1.0s|     1 |     0 |   352 |     - |  1704k |   0 |  30 |  18 |  36 |  10 |  7 |   0 |   0 | 1.000000e+00 | 5.020020e-01 |  99.20%| unknown
  1.0s|     1 |     2 |   352 |     - |  1706k |   0 |  30 |  18 |  36 |  10 |  8 |   0 |   0 | 1.000000e+00 | 5.020020e-01 |  99.20%| unknown
L 1.0s|     3 |     4 |   369 | 167.0 |  subnlp|   2 |  30 |  18 |  37 |  26 |  2 |   0 |   0 | 1.000000e+00 | 5.020021e-01 |  99.20%| unknown
L 1.0s|     5 |     6 |   381 |  86.5 |  subnlp|   4 |  30 |  18 |  46 |  37 |  3 |   0 |   0 | 1.000000e+00 | 5.020021e-01 |  99.20%| unknown
 time | node  | left  |LP iter|LP it/n|mem/heur|mdpt |vars |cons |rows |cuts |sepa|confs|strbr|  dualbound   | primalbound  |  gap   | compl. 
  1.0s|   100 |    91 |  1015 |   9.9 |  2131k |   8 |  30 |  18 |  48 | 411 |  3 |   1 |   0 | 7.190233e-01 | 5.020021e-01 |  43.23%|  31.18%
  1.0s|   200 |   139 |  1618 |   8.0 |  2534k |  10 |  30 |  18 |  61 | 774 |  1 |   3 |   0 | 6.229784e-01 | 5.020021e-01 |  24.10%|  50.06%
  1.0s|   300 |   121 |  2081 |   6.8 |  2646k |  11 |  30 |  18 |  58 |1047 |  1 |   8 |   0 | 5.875972e-01 | 5.020021e-01 |  17.05%|  59.03%
  1.0s|   400 |   135 |  2597 |   6.4 |  3076k |  11 |  30 |  18 |  62 |1356 |  2 |  14 |   0 | 5.795339e-01 | 5.020021e-01 |  15.44%|  68.91%
  1.0s|   500 |   153 |  3031 |   6.0 |  3200k |  13 |  30 |  18 |  75 |1627 |  4 |  15 |   0 | 5.438004e-01 | 5.020021e-01 |   8.33%|  79.64%
  1.0s|   600 |   181 |  3546 |   5.9 |  3361k |  14 |  30 |  18 |  67 |1922 |  1 |  15 |   0 | 5.387860e-01 | 5.020021e-01 |   7.33%|  84.78%
  1.0s|   700 |   209 |  4029 |   5.7 |  3448k |  16 |  30 |  18 |  69 |2213 |  2 |  15 |   0 | 5.292862e-01 | 5.020021e-01 |   5.44%|  87.80%
  1.0s|   800 |   227 |  4505 |   5.6 |  3663k |  16 |  30 |  18 |  58 |2490 |  3 |  15 |   0 | 5.192339e-01 | 5.020021e-01 |   3.43%|  90.79%
  1.0s|   900 |   223 |  4919 |   5.4 |  3677k |  17 |  30 |  18 |  78 |2747 |  3 |  15 |   0 | 5.146223e-01 | 5.020021e-01 |   2.51%|  93.00%
  1.0s|  1000 |   249 |  5351 |   5.3 |  3744k |  19 |  30 |  18 |  80 |3021 |  4 |  15 |   0 | 5.128240e-01 | 5.020021e-01 |   2.16%|  94.42%
  1.0s|  1100 |   289 |  5743 |   5.2 |  3936k |  19 |  30 |  18 |  82 |3279 |  1 |  15 |   0 | 5.102403e-01 | 5.020021e-01 |   1.64%|  95.95%
  1.0s|  1200 |   315 |  6103 |   5.1 |  4455k |  21 |  30 |  18 |  75 |3533 |  2 |  15 |   0 | 5.086870e-01 | 5.020021e-01 |   1.33%|  96.48%
  1.0s|  1300 |   365 |  6445 |   4.9 |  4869k |  24 |  30 |  18 |  67 |3785 |  1 |  15 |   0 | 5.074812e-01 | 5.020021e-01 |   1.09%|  96.97%
  1.0s|  1400 |   397 |  6788 |   4.8 |  4952k |  24 |  30 |  18 |  79 |4012 |  2 |  16 |   0 | 5.069390e-01 | 5.020021e-01 |   0.98%|  97.25%
  1.0s|  1500 |   439 |  7112 |   4.7 |  5046k |  24 |  30 |  18 |  68 |4258 |  1 |  16 |   0 | 5.064213e-01 | 5.020021e-01 |   0.88%|  97.46%
 time | node  | left  |LP iter|LP it/n|mem/heur|mdpt |vars |cons |rows |cuts |sepa|confs|strbr|  dualbound   | primalbound  |  gap   | compl. 
  1.0s|  1600 |   449 |  7481 |   4.7 |  5159k |  24 |  30 |  18 |   0 |4524 |  0 |  18 |   0 | 5.061443e-01 | 5.020021e-01 |   0.83%|  97.73%
  1.0s|  1700 |   513 |  7895 |   4.6 |  5509k |  24 |  30 |  18 |  80 |4821 |  2 |  18 |   0 | 5.060460e-01 | 5.020021e-01 |   0.81%|  97.89%
  1.0s|  1800 |   553 |  8343 |   4.6 |  5600k |  25 |  30 |  18 |  78 |5109 |  2 |  19 |   0 | 5.058819e-01 | 5.020021e-01 |   0.77%|  97.96%
  1.0s|  1900 |   585 |  8677 |   4.6 |  5786k |  25 |  30 |  18 |  83 |5350 |  2 |  19 |   0 | 5.058237e-01 | 5.020021e-01 |   0.76%|  98.07%
  1.0s|  2000 |   619 |  9038 |   4.5 |  5840k |  25 |  30 |  18 |  95 |5594 |  2 |  19 |   0 | 5.051421e-01 | 5.020021e-01 |   0.63%|  98.20%
* 1.0s|  2025 |   626 |  9150 |   4.5 |    LP  |  25 |  30 |  18 |  76 |5666 |  2 |  19 |   0 | 5.051421e-01 | 5.020030e-01 |   0.63%|  98.24%
  1.0s|  2100 |   651 |  9419 |   4.5 |  5933k |  25 |  30 |  18 |  87 |5856 |  2 |  19 |   0 | 5.051149e-01 | 5.020030e-01 |   0.62%|  98.31%
* 1.0s|  2164 |   668 |  9666 |   4.5 |    LP  |  25 |  30 |  18 |  86 |6014 |  2 |  19 |   0 | 5.045012e-01 | 5.020035e-01 |   0.50%|  98.35%
  1.0s|  2200 |   684 |  9810 |   4.4 |  6239k |  25 |  30 |  18 |  90 |6111 |  2 |  19 |   0 | 5.045012e-01 | 5.020035e-01 |   0.50%|  98.37%
  1.0s|  2300 |   702 | 10130 |   4.4 |  7348k |  25 |  30 |  18 |  95 |6352 |  2 |  19 |   0 | 5.041529e-01 | 5.020035e-01 |   0.43%|  98.49%
  1.0s|  2400 |   730 | 10446 |   4.3 |  7356k |  26 |  30 |  18 |  92 |6581 |  2 |  19 |   0 | 5.040607e-01 | 5.020035e-01 |   0.41%|  98.58%
  1.0s|  2500 |   760 | 10838 |   4.3 |  7500k |  26 |  30 |  18 |  94 |6853 |  2 |  19 |   0 | 5.039996e-01 | 5.020035e-01 |   0.40%|  98.64%
  1.0s|  2600 |   776 | 11175 |   4.3 |  8108k |  27 |  30 |  18 |  94 |7094 |  2 |  19 |   0 | 5.039122e-01 | 5.020035e-01 |   0.38%|  98.67%
  1.0s|  2700 |   798 | 11550 |   4.3 |  8165k |  28 |  30 |  18 |  73 |7348 |  3 |  19 |   0 | 5.038484e-01 | 5.020035e-01 |   0.37%|  98.72%
  1.0s|  2800 |   816 | 11925 |   4.2 |  8195k |  28 |  30 |  18 | 100 |7605 |  1 |  19 |   0 | 5.035624e-01 | 5.020035e-01 |   0.31%|  98.77%
 time | node  | left  |LP iter|LP it/n|mem/heur|mdpt |vars |cons |rows |cuts |sepa|confs|strbr|  dualbound   | primalbound  |  gap   | compl. 
  2.0s|  2900 |   822 | 12215 |   4.2 |  8236k |  28 |  30 |  18 |  92 |7823 |  3 |  20 |   0 | 5.034583e-01 | 5.020035e-01 |   0.29%|  98.83%
  2.0s|  3000 |   832 | 12583 |   4.2 |  8342k |  28 |  30 |  18 |  78 |8064 |  3 |  20 |   0 | 5.033182e-01 | 5.020035e-01 |   0.26%|  98.87%
  2.0s|  3100 |   836 | 12949 |   4.2 |  8704k |  28 |  30 |  18 | 102 |8317 |  1 |  20 |   0 | 5.031764e-01 | 5.020035e-01 |   0.23%|  98.90%
  2.0s|  3200 |   850 | 13334 |   4.2 |  8904k |  28 |  30 |  18 |  95 |8581 |  2 |  20 |   0 | 5.031101e-01 | 5.020035e-01 |   0.22%|  99.07%
  2.0s|  3300 |   858 | 13671 |   4.1 |  8943k |  28 |  30 |  18 |  75 |8799 |  2 |  20 |   0 | 5.031036e-01 | 5.020035e-01 |   0.22%|  99.09%
  2.0s|  3400 |   874 | 14030 |   4.1 |  9170k |  28 |  30 |  18 |  87 |9065 |  3 |  20 |   0 | 5.030549e-01 | 5.020035e-01 |   0.21%|  99.12%
  2.0s|  3500 |   896 | 14361 |   4.1 |  9195k |  28 |  30 |  18 |  92 |9303 |  3 |  20 |   0 | 5.029645e-01 | 5.020035e-01 |   0.19%|  99.23%
  2.0s|  3600 |   902 | 14689 |   4.1 |  9223k |  28 |  30 |  18 |  97 |9547 |  1 |  20 |   0 | 5.029351e-01 | 5.020035e-01 |   0.19%|  99.25%
  2.0s|  3700 |   906 | 15049 |   4.1 |  9356k |  28 |  30 |  18 |  94 |9800 |  1 |  20 |   0 | 5.028853e-01 | 5.020035e-01 |   0.18%|  99.27%
  2.0s|  3800 |   916 | 15395 |   4.0 |  9364k |  28 |  30 |  18 |  93 |  10k|  2 |  20 |   0 | 5.028468e-01 | 5.020035e-01 |   0.17%|  99.29%
  2.0s|  3900 |   928 | 15768 |   4.0 |  9397k |  28 |  30 |  18 |  86 |  10k|  1 |  20 |   0 | 5.028244e-01 | 5.020035e-01 |   0.16%|  99.36%
  2.0s|  4000 |   944 | 16121 |   4.0 |  9479k |  28 |  30 |  18 |  91 |  10k|  3 |  20 |   0 | 5.028155e-01 | 5.020035e-01 |   0.16%|  99.52%
  2.0s|  4100 |   970 | 16444 |   4.0 |  9542k |  28 |  30 |  18 |  91 |  10k|  1 |  20 |   0 | 5.027315e-01 | 5.020035e-01 |   0.15%|  99.54%
* 2.0s|  4145 |   979 | 16604 |   4.0 |    LP  |  28 |  30 |  18 |  79 |  10k|  3 |  20 |   0 | 5.026986e-01 | 5.020036e-01 |   0.14%|  99.55%
  2.0s|  4200 |   980 | 16784 |   4.0 |  9565k |  29 |  30 |  18 | 102 |  11k|  1 |  20 |   0 | 5.026965e-01 | 5.020036e-01 |   0.14%|  99.56%
 time | node  | left  |LP iter|LP it/n|mem/heur|mdpt |vars |cons |rows |cuts |sepa|confs|strbr|  dualbound   | primalbound  |  gap   | compl. 
  2.0s|  4300 |  1002 | 17109 |   4.0 |  9761k |  29 |  30 |  18 | 104 |  11k|  1 |  20 |   0 | 5.026655e-01 | 5.020036e-01 |   0.13%|  99.64%
  2.0s|  4400 |  1008 | 17447 |   4.0 |  9781k |  31 |  30 |  18 | 110 |  11k|  1 |  21 |   0 | 5.026423e-01 | 5.020036e-01 |   0.13%|  99.65%
  2.0s|  4500 |  1014 | 17789 |   3.9 |  9834k |  31 |  30 |  18 |  90 |  11k|  2 |  21 |   0 | 5.026132e-01 | 5.020036e-01 |   0.12%|  99.67%
  2.0s|  4600 |  1014 | 18084 |   3.9 |    10M |  31 |  30 |  18 |  86 |  12k|  1 |  21 |   0 | 5.025838e-01 | 5.020036e-01 |   0.12%|  99.68%
* 2.0s|  4658 |  1012 | 18285 |   3.9 |    LP  |  31 |  30 |  18 |  85 |  12k|  2 |  21 |   0 | 5.025544e-01 | 5.020039e-01 |   0.11%|  99.69%
  2.0s|  4700 |  1018 | 18427 |   3.9 |    10M |  31 |  30 |  18 | 106 |  12k|  2 |  21 |   0 | 5.025432e-01 | 5.020039e-01 |   0.11%|  99.69%
  2.0s|  4800 |  1044 | 18784 |   3.9 |    10M |  31 |  30 |  18 |  78 |  12k|  2 |  21 |   0 | 5.025165e-01 | 5.020039e-01 |   0.10%|  99.70%
  2.0s|  4900 |  1048 | 19071 |   3.9 |    10M |  31 |  30 |  18 |  88 |  12k|  3 |  21 |   0 | 5.024891e-01 | 5.020039e-01 |   0.10%|  99.73%
  2.0s|  5000 |  1054 | 19401 |   3.9 |    10M |  31 |  30 |  18 |  93 |  13k|  0 |  21 |   0 | 5.024874e-01 | 5.020039e-01 |   0.10%|  99.74%
  2.0s|  5100 |  1056 | 19698 |   3.9 |    10M |  31 |  30 |  18 | 106 |  13k|  2 |  21 |   0 | 5.024874e-01 | 5.020039e-01 |   0.10%|  99.75%
* 2.0s|  5150 |  1062 | 19836 |   3.8 |    LP  |  31 |  30 |  18 | 103 |  13k|  2 |  21 |   0 | 5.024768e-01 | 5.020042e-01 |   0.09%|  99.75%
  2.0s|  5200 |  1058 | 19971 |   3.8 |    10M |  31 |  30 |  18 |  83 |  13k|  1 |  21 |   0 | 5.024601e-01 | 5.020042e-01 |   0.09%|  99.76%
  2.0s|  5300 |  1052 | 20246 |   3.8 |    10M |  31 |  30 |  18 |  82 |  13k|  1 |  21 |   0 | 5.024371e-01 | 5.020042e-01 |   0.09%|  99.77%
  2.0s|  5400 |  1042 | 20485 |   3.8 |    10M |  31 |  30 |  18 |  86 |  13k|  1 |  21 |   0 | 5.023894e-01 | 5.020042e-01 |   0.08%|  99.78%
  2.0s|  5500 |  1024 | 20721 |   3.8 |    10M |  31 |  30 |  18 | 100 |  14k|  1 |  21 |   0 | 5.023836e-01 | 5.020042e-01 |   0.08%|  99.78%
 time | node  | left  |LP iter|LP it/n|mem/heur|mdpt |vars |cons |rows |cuts |sepa|confs|strbr|  dualbound   | primalbound  |  gap   | compl. 
  2.0s|  5600 |  1012 | 21010 |   3.7 |    10M |  31 |  30 |  18 |  99 |  14k|  0 |  21 |   0 | 5.023823e-01 | 5.020042e-01 |   0.08%|  99.79%
  2.0s|  5700 |  1006 | 21272 |   3.7 |    10M |  31 |  30 |  18 |  92 |  14k|  1 |  21 |   0 | 5.023619e-01 | 5.020042e-01 |   0.07%|  99.80%
  2.0s|  5800 |   986 | 21575 |   3.7 |    10M |  31 |  30 |  18 | 101 |  14k|  2 |  21 |   0 | 5.023542e-01 | 5.020042e-01 |   0.07%|  99.83%
  2.0s|  5900 |   978 | 21821 |   3.7 |    10M |  31 |  30 |  18 |  89 |  14k|  2 |  21 |   0 | 5.023190e-01 | 5.020042e-01 |   0.06%|  99.87%
  2.0s|  6000 |   952 | 22095 |   3.7 |    10M |  31 |  30 |  18 | 101 |  15k|  0 |  21 |   0 | 5.023147e-01 | 5.020042e-01 |   0.06%|  99.88%
  2.0s|  6100 |   950 | 22437 |   3.7 |    10M |  31 |  30 |  18 |  89 |  15k|  3 |  21 |   0 | 5.022962e-01 | 5.020042e-01 |   0.06%|  99.88%
* 2.0s|  6107 |   932 | 22454 |   3.7 |    LP  |  31 |  30 |  18 |  84 |  15k|  2 |  21 |   0 | 5.022962e-01 | 5.020050e-01 |   0.06%|  99.88%
  2.0s|  6200 |   911 | 22709 |   3.7 |    10M |  31 |  30 |  18 |  98 |  15k|  1 |  21 |   0 | 5.022712e-01 | 5.020050e-01 |   0.05%|  99.89%
  2.0s|  6300 |   887 | 22984 |   3.6 |    10M |  31 |  30 |  18 |  86 |  15k|  1 |  21 |   0 | 5.022343e-01 | 5.020050e-01 |   0.05%|  99.89%
  2.0s|  6400 |   881 | 23294 |   3.6 |    10M |  31 |  30 |  18 |  93 |  16k|  1 |  21 |   0 | 5.022235e-01 | 5.020050e-01 |   0.04%|  99.90%
  2.0s|  6500 |   871 | 23560 |   3.6 |    10M |  31 |  30 |  18 |  90 |  16k|  1 |  21 |   0 | 5.022192e-01 | 5.020050e-01 |   0.04%|  99.91%
  3.0s|  6600 |   869 | 23828 |   3.6 |    10M |  31 |  30 |  18 |  92 |  16k|  2 |  21 |   0 | 5.021922e-01 | 5.020050e-01 |   0.04%|  99.91%
  3.0s|  6700 |   895 | 24124 |   3.6 |    11M |  31 |  30 |  18 | 111 |  16k|  1 |  21 |   0 | 5.021851e-01 | 5.020050e-01 |   0.04%|  99.91%
  3.0s|  6800 |   871 | 24380 |   3.6 |    11M |  31 |  30 |  18 | 103 |  16k|  2 |  21 |   0 | 5.021737e-01 | 5.020050e-01 |   0.03%|  99.92%
  3.0s|  6900 |   863 | 24656 |   3.6 |    11M |  31 |  30 |  18 | 101 |  17k|  2 |  21 |   0 | 5.021591e-01 | 5.020050e-01 |   0.03%|  99.92%
 time | node  | left  |LP iter|LP it/n|mem/heur|mdpt |vars |cons |rows |cuts |sepa|confs|strbr|  dualbound   | primalbound  |  gap   | compl. 
  3.0s|  7000 |   871 | 24916 |   3.6 |    11M |  31 |  30 |  18 |  99 |  17k|  2 |  21 |   0 | 5.021515e-01 | 5.020050e-01 |   0.03%|  99.92%
  3.0s|  7100 |   851 | 25201 |   3.5 |    11M |  31 |  30 |  18 | 106 |  17k|  1 |  21 |   0 | 5.021402e-01 | 5.020050e-01 |   0.03%|  99.93%
  3.0s|  7200 |   869 | 25484 |   3.5 |    11M |  31 |  30 |  18 | 108 |  17k|  2 |  21 |   0 | 5.021388e-01 | 5.020050e-01 |   0.03%|  99.93%
  3.0s|  7300 |   863 | 25708 |   3.5 |    11M |  33 |  30 |  18 |  97 |  17k|  0 |  21 |   0 | 5.021367e-01 | 5.020050e-01 |   0.03%|  99.95%
  3.0s|  7400 |   853 | 25935 |   3.5 |    11M |  34 |  30 |  18 |  88 |  18k|  1 |  21 |   0 | 5.021322e-01 | 5.020050e-01 |   0.03%|  99.95%
  3.0s|  7500 |   867 | 26221 |   3.5 |    11M |  34 |  30 |  18 |  99 |  18k|  0 |  21 |   0 | 5.021248e-01 | 5.020050e-01 |   0.02%|  99.95%
  3.0s|  7600 |   859 | 26497 |   3.5 |    11M |  34 |  30 |  18 | 100 |  18k|  1 |  21 |   0 | 5.021230e-01 | 5.020050e-01 |   0.02%|  99.96%
  3.0s|  7700 |   857 | 26762 |   3.5 |    11M |  34 |  30 |  18 | 106 |  18k|  0 |  21 |   0 | 5.021169e-01 | 5.020050e-01 |   0.02%|  99.96%
  3.0s|  7800 |   845 | 27007 |   3.5 |    11M |  34 |  30 |  18 | 107 |  18k|  1 |  21 |   0 | 5.021128e-01 | 5.020050e-01 |   0.02%|  99.96%
  3.0s|  7900 |   837 | 27232 |   3.4 |    11M |  34 |  30 |  18 | 114 |  19k|  2 |  22 |   0 | 5.021088e-01 | 5.020050e-01 |   0.02%|  99.96%
  3.0s|  8000 |   831 | 27439 |   3.4 |    11M |  34 |  30 |  18 | 105 |  19k|  0 |  22 |   0 | 5.021088e-01 | 5.020050e-01 |   0.02%|  99.96%
  3.0s|  8100 |   821 | 27623 |   3.4 |    11M |  34 |  30 |  18 | 108 |  19k|  2 |  22 |   0 | 5.021020e-01 | 5.020050e-01 |   0.02%|  99.96%
  3.0s|  8200 |   815 | 27849 |   3.4 |    11M |  34 |  30 |  18 |  91 |  19k|  0 |  22 |   0 | 5.021014e-01 | 5.020050e-01 |   0.02%|  99.96%
  3.0s|  8300 |   817 | 28105 |   3.4 |    11M |  34 |  30 |  18 |  91 |  19k|  2 |  22 |   0 | 5.020983e-01 | 5.020050e-01 |   0.02%|  99.96%
* 3.0s|  8397 |   790 | 28302 |   3.4 |    LP  |  34 |  30 |  18 | 105 |  19k|  2 |  22 |   0 | 5.020943e-01 | 5.020051e-01 |   0.02%|  99.96%
 time | node  | left  |LP iter|LP it/n|mem/heur|mdpt |vars |cons |rows |cuts |sepa|confs|strbr|  dualbound   | primalbound  |  gap   | compl. 
  3.0s|  8400 |   789 | 28312 |   3.4 |    11M |  34 |  30 |  18 |  89 |  19k|  1 |  22 |   0 | 5.020943e-01 | 5.020051e-01 |   0.02%|  99.96%
  3.0s|  8500 |   785 | 28485 |   3.3 |    11M |  34 |  30 |  18 | 111 |  19k|  2 |  24 |   0 | 5.020922e-01 | 5.020051e-01 |   0.02%|  99.96%
  3.0s|  8600 |   767 | 28682 |   3.3 |    11M |  34 |  30 |  18 | 122 |  20k|  3 |  24 |   0 | 5.020896e-01 | 5.020051e-01 |   0.02%|  99.97%
  3.0s|  8700 |   741 | 28855 |   3.3 |    11M |  34 |  30 |  18 | 113 |  20k|  1 |  25 |   0 | 5.020863e-01 | 5.020051e-01 |   0.02%|  99.97%
  3.0s|  8800 |   725 | 29003 |   3.3 |    11M |  34 |  30 |  18 | 114 |  20k|  1 |  25 |   0 | 5.020851e-01 | 5.020051e-01 |   0.02%|  99.97%
  3.0s|  8900 |   705 | 29183 |   3.3 |    11M |  34 |  30 |  18 | 112 |  20k|  0 |  25 |   0 | 5.020829e-01 | 5.020051e-01 |   0.02%|  99.97%
  3.0s|  9000 |   681 | 29354 |   3.3 |    11M |  36 |  30 |  18 |  93 |  20k|  2 |  26 |   0 | 5.020771e-01 | 5.020051e-01 |   0.01%|  99.97%
  3.0s|  9100 |   655 | 29507 |   3.2 |    11M |  36 |  30 |  18 | 100 |  20k|  0 |  26 |   0 | 5.020730e-01 | 5.020051e-01 |   0.01%|  99.97%
  3.0s|  9200 |   615 | 29658 |   3.2 |    11M |  36 |  30 |  18 |  84 |  20k|  1 |  26 |   0 | 5.020722e-01 | 5.020051e-01 |   0.01%|  99.97%
  3.0s|  9300 |   563 | 29822 |   3.2 |    11M |  36 |  30 |  18 | 100 |  20k|  0 |  26 |   0 | 5.020713e-01 | 5.020051e-01 |   0.01%|  99.98%
* 3.0s|  9400 |   434 | 29987 |   3.2 |    LP  |  36 |  30 |  18 |  87 |  21k|  3 |  26 |   0 | 5.020685e-01 | 5.020055e-01 |   0.01%|  99.98%
  3.0s|  9500 |   376 | 30124 |   3.2 |    11M |  36 |  30 |  18 |  93 |  21k|  1 |  26 |   0 | 5.020617e-01 | 5.020055e-01 |   0.01%|  99.98%
  3.0s|  9600 |   336 | 30280 |   3.2 |    11M |  36 |  30 |  18 | 113 |  21k|  3 |  26 |   0 | 5.020566e-01 | 5.020055e-01 |   0.01%|  99.98%
  3.0s|  9700 |   280 | 30493 |   3.1 |    11M |  36 |  30 |  18 | 107 |  21k|  0 |  26 |   0 | 5.020526e-01 | 5.020055e-01 |   0.01%|  99.98%
  3.0s|  9800 |   252 | 30681 |   3.1 |    11M |  36 |  30 |  18 |  92 |  21k|  1 |  26 |   0 | 5.020514e-01 | 5.020055e-01 |   0.01%|  99.98%
 time | node  | left  |LP iter|LP it/n|mem/heur|mdpt |vars |cons |rows |cuts |sepa|confs|strbr|  dualbound   | primalbound  |  gap   | compl. 
  3.0s|  9900 |   176 | 30839 |   3.1 |    11M |  36 |  30 |  18 | 108 |  21k|  0 |  27 |   0 | 5.020473e-01 | 5.020055e-01 |   0.01%|  99.98%
* 3.0s|  9918 |   172 | 30871 |   3.1 |    LP  |  36 |  30 |  18 | 105 |  21k|  2 |  27 |   0 | 5.020472e-01 | 5.020057e-01 |   0.01%|  99.98%
  3.0s| 10000 |   136 | 31031 |   3.1 |    11M |  36 |  30 |  18 | 101 |  21k|  3 |  29 |   0 | 5.020450e-01 | 5.020057e-01 |   0.01%|  99.98%
  3.0s| 10100 |   102 | 31266 |   3.1 |    11M |  36 |  30 |  18 | 123 |  21k|  1 |  30 |   0 | 5.020387e-01 | 5.020057e-01 |   0.01%|  99.99%
  3.0s| 10200 |    80 | 31470 |   3.1 |    11M |  36 |  30 |  18 |  90 |  22k|  2 |  30 |   0 | 5.020365e-01 | 5.020057e-01 |   0.01%|  99.99%
  3.0s| 10300 |    46 | 31631 |   3.1 |    11M |  36 |  30 |  18 | 104 |  22k|  1 |  30 |   0 | 5.020343e-01 | 5.020057e-01 |   0.01%|  99.99%
  3.0s| 10400 |    18 | 31847 |   3.1 |    11M |  36 |  30 |  18 | 111 |  22k|  1 |  30 |   0 | 5.020298e-01 | 5.020057e-01 |   0.00%|  99.99%

SCIP Status        : problem is solved [optimal solution found]
Solving Time (sec) : 3.00
Solving Nodes      : 10430
Primal Bound       : +5.02005710088814e-01 (14 solutions)
Dual Bound         : +5.02005710088814e-01
Gap                : 0.00 %


objective value:                    0.502005710088814
n12                                 0.250295242381006 	(obj:1)
n23                                  0.50200373664961 	(obj:1)
n1                                  0.498590449417457 	(obj:0)
quadobjvar                         -0.250293268941801 	(obj:1)
w3                                            0.25075 	(obj:0)
w2                                            0.25075 	(obj:0)
w1                                            0.24975 	(obj:0)
c2                                            0.25075 	(obj:0)
a1                                            0.24975 	(obj:0)
b1                                             0.4995 	(obj:0)
a2                                            0.24975 	(obj:0)
c1                                            0.25075 	(obj:0)
n2                                   0.50200373664961 	(obj:0)
n3                                                  1 	(obj:0)


