SCIP version 10.0.2 [precision: 8 byte] [memory: block] [mode: optimized] [LP solver: SoPlex 8.0.2] [GitHash: b8eaf989f9]
Copyright (c) 2002-2026 Zuse Institute Berlin (ZIB)

External libraries: 
  SoPlex 8.0.2         Linear programming solver developed at Zuse Institute Berlin (soplex.zib.de) [GitHash: cfadddc4]
  CppAD 20180000.0     Algorithmic Differentiation of C++ algorithms developed by B. Bell (github.com/coin-or/CppAD)
  ZLIB 1.3.1           General purpose compression library by J. Gailly and M. Adler (zlib.net)
  MPFR 4.2.2           GNU Multiple Precision Floating-Point Reliable Library (mpfr.org)
  Boost 1.89.0         Boost C++ Libraries (boost.org)
  TinyCThread 1.2      small portable implementation of the C11 threads API (tinycthread.github.io)
  GMP 6.3.0            GNU Multiple Precision Arithmetic Library developed by T. Granlund (gmplib.org)
  ZIMPL 3.7.1          Zuse Institute Mathematical Programming Language developed by T. Koch (zimpl.zib.de)
  AMPL/MP 4.0.4        AMPL .nl file reader library (github.com/ampl/mp)
  PaPILO 3.0.0         parallel presolve for integer and linear optimization (github.com/scipopt/papilo) (built with TBB) [GitHash: 4cbdc327]
  Nauty 2.8.8          Computing Graph Automorphism Groups by Brendan D. McKay (users.cecs.anu.edu.au/~bdm/nauty)
  sassy 2.1            Symmetry preprocessor by Markus Anders (github.com/markusa4/sassy)
  Ipopt 3.14.19        Interior Point Optimizer developed by A. Waechter et.al. (github.com/coin-or/Ipopt)

user parameter file <scip.set> not found - using default parameters


read problem <E:\code\scip\ZPL\lp-files\case12.lp>
============

original problem has 13 variables (0 bin, 0 int, 13 cont) and 13 constraints

presolving:
(round 1, fast)       0 del vars, 0 del conss, 0 add conss, 4 chg bounds, 0 chg sides, 0 chg coeffs, 0 upgd conss, 0 impls, 0 clqs, 0 implints
   (0.0s) symmetry computation started: requiring (bin +, int +, cont +), (fixed: bin -, int -, cont -)
   (0.0s) symmetry computation finished: 1 generators found (max: 1500, log10 of symmetry group size: 0.30) (symcode time: 0.00)
dynamic symmetry handling statistics:
   orbitopal reduction:       no components
   orbital reduction:         no components
   lexicographic reduction:    1 permutations with support sizes 8
handled 1 out of 1 symmetry components
presolving (2 rounds: 2 fast, 1 medium, 1 exhaustive):
 0 deleted vars, 0 deleted constraints, 0 added constraints, 4 tightened bounds, 0 added holes, 0 changed sides, 0 changed coefficients
 0 implications, 0 cliques, 0 implied integral variables (0 bin, 0 int, 0 cont)
presolved problem has 13 variables (0 bin, 0 int, 13 cont) and 13 constraints
      9 constraints of type <linear>
      4 constraints of type <nonlinear>
Presolving Time: 0.00

 time | node  | left  |LP iter|LP it/n|mem/heur|mdpt |vars |cons |rows |cuts |sepa|confs|strbr|  dualbound   | primalbound  |  gap   | compl. 
  0.0s|     1 |     0 |     1 |     - |  1600k |   0 |  24 |  13 |  19 |   0 |  0 |   0 |   0 | 2.000000e+00 |      --      |    Inf | unknown
L 0.0s|     1 |     0 |     1 |     - |  subnlp|   0 |  24 |  13 |  19 |   0 |  0 |   0 |   0 | 2.000000e+00 | 5.561482e-01 | 259.62%| unknown
  0.0s|     1 |     0 |     4 |     - |  1655k |   0 |  24 |  13 |  22 |   3 |  1 |   0 |   0 | 1.000000e+00 | 5.561482e-01 |  79.81%| unknown
  0.0s|     1 |     0 |     4 |     - |  1655k |   0 |  24 |  13 |  22 |   3 |  1 |   0 |   0 | 1.000000e+00 | 5.561482e-01 |  79.81%| unknown
  0.0s|     1 |     0 |     8 |     - |  1655k |   0 |  24 |  13 |  23 |   4 |  2 |   0 |   0 | 1.000000e+00 | 5.561482e-01 |  79.81%| unknown
  0.0s|     1 |     0 |     9 |     - |  1655k |   0 |  24 |  13 |  24 |   5 |  3 |   0 |   0 | 1.000000e+00 | 5.561482e-01 |  79.81%| unknown
  0.0s|     1 |     0 |   183 |     - |  1664k |   0 |  24 |  13 |  24 |   5 |  4 |   0 |   0 | 1.000000e+00 | 5.561482e-01 |  79.81%| unknown
L 0.0s|     1 |     0 |   183 |     - |multista|   0 |  24 |  13 |  24 |   5 |  5 |   0 |   0 | 1.000000e+00 | 5.561482e-01 |  79.81%| unknown
  0.0s|     1 |     0 |   183 |     - |  1719k |   0 |  24 |  13 |  24 |   5 |  5 |   0 |   0 | 1.000000e+00 | 5.561482e-01 |  79.81%| unknown
  0.0s|     1 |     2 |   183 |     - |  1721k |   0 |  24 |  13 |  24 |   5 |  6 |   0 |   0 | 1.000000e+00 | 5.561482e-01 |  79.81%| unknown
L 0.0s|     4 |     5 |   207 |  63.0 |  subnlp|   3 |  24 |  13 |  29 |  21 |  3 |   0 |   0 | 1.000000e+00 | 5.561482e-01 |  79.81%| unknown
  0.0s|   100 |    35 |   632 |   6.2 |  1893k |  10 |  24 |  13 |  37 | 268 |  2 |   1 |   0 | 7.574784e-01 | 5.561482e-01 |  36.20%|  39.62%
  0.0s|   200 |    45 |   895 |   4.4 |  2084k |  10 |  24 |  13 |   0 | 407 |  0 |   5 |   0 | 6.638470e-01 | 5.561482e-01 |  19.37%|  63.28%
  0.0s|   300 |    83 |  1149 |   3.8 |  2209k |  11 |  24 |  13 |   0 | 552 |  0 |   5 |   0 | 6.072538e-01 | 5.561482e-01 |   9.19%|  77.77%
  0.0s|   400 |    67 |  1379 |   3.4 |  2258k |  14 |  24 |  13 |  38 | 715 |  2 |   5 |   0 | 5.721025e-01 | 5.561482e-01 |   2.87%|  94.17%
 time | node  | left  |LP iter|LP it/n|mem/heur|mdpt |vars |cons |rows |cuts |sepa|confs|strbr|  dualbound   | primalbound  |  gap   | compl. 
  0.0s|   500 |    67 |  1664 |   3.3 |  2382k |  15 |  24 |  13 |  42 | 905 |  2 |   5 |   0 | 5.622883e-01 | 5.561482e-01 |   1.10%|  97.45%
  0.0s|   600 |    49 |  1907 |   3.2 |  2397k |  18 |  24 |  13 |  41 |1065 |  2 |   5 |   0 | 5.574300e-01 | 5.561482e-01 |   0.23%|  99.67%
  0.0s|   700 |    91 |  2119 |   3.0 |  2576k |  22 |  24 |  13 |  49 |1244 |  2 |   5 |   0 | 5.569533e-01 | 5.561482e-01 |   0.14%|  99.81%
  1.0s|   800 |   121 |  2347 |   2.9 |  2870k |  25 |  24 |  13 |  53 |1424 |  2 |   5 |   0 | 5.567496e-01 | 5.561482e-01 |   0.11%|  99.86%
* 1.0s|   884 |   155 |  2555 |   2.9 |    LP  |  27 |  24 |  13 |  58 |1571 |  3 |   5 |   0 | 5.565128e-01 | 5.561491e-01 |   0.07%|  99.91%
  1.0s|   900 |   163 |  2603 |   2.9 |  3004k |  28 |  24 |  13 |  57 |1604 |  2 |   5 |   0 | 5.565128e-01 | 5.561491e-01 |   0.07%|  99.92%
* 1.0s|   983 |   190 |  2819 |   2.9 |    LP  |  28 |  24 |  13 |  58 |1751 |  3 |   5 |   0 | 5.564662e-01 | 5.561491e-01 |   0.06%|  99.95%
  1.0s|  1000 |   191 |  2853 |   2.8 |  3198k |  29 |  24 |  13 |  60 |1773 |  2 |   5 |   0 | 5.564557e-01 | 5.561491e-01 |   0.06%|  99.95%
  1.0s|  1100 |   243 |  3084 |   2.8 |  3675k |  29 |  24 |  13 |  65 |1935 |  2 |   5 |   0 | 5.564205e-01 | 5.561491e-01 |   0.05%|  99.96%
  1.0s|  1200 |   271 |  3285 |   2.7 |  3849k |  32 |  24 |  13 |  57 |2079 |  2 |   5 |   0 | 5.562888e-01 | 5.561491e-01 |   0.03%|  99.97%
  1.0s|  1300 |   289 |  3488 |   2.7 |  4031k |  32 |  24 |  13 |  56 |2231 |  1 |   5 |   0 | 5.562888e-01 | 5.561491e-01 |   0.03%|  99.97%
* 1.0s|  1365 |   301 |  3611 |   2.6 |    LP  |  32 |  24 |  13 |  61 |2320 |  2 |   5 |   0 | 5.562815e-01 | 5.561499e-01 |   0.02%|  99.97%
  1.0s|  1400 |   314 |  3677 |   2.6 |  4124k |  32 |  24 |  13 |  58 |2369 |  2 |   5 |   0 | 5.562385e-01 | 5.561499e-01 |   0.02%|  99.97%
  1.0s|  1500 |   334 |  3905 |   2.6 |  4145k |  33 |  24 |  13 |  55 |2536 |  2 |   5 |   0 | 5.562330e-01 | 5.561499e-01 |   0.01%|  99.98%
  1.0s|  1600 |   344 |  4091 |   2.5 |  4227k |  33 |  24 |  13 |  62 |2672 |  1 |   5 |   0 | 5.562251e-01 | 5.561499e-01 |   0.01%|  99.98%
 time | node  | left  |LP iter|LP it/n|mem/heur|mdpt |vars |cons |rows |cuts |sepa|confs|strbr|  dualbound   | primalbound  |  gap   | compl. 
  1.0s|  1700 |   356 |  4290 |   2.5 |  4259k |  33 |  24 |  13 |  60 |2815 |  1 |   5 |   0 | 5.562251e-01 | 5.561499e-01 |   0.01%|  99.98%
  1.0s|  1800 |   376 |  4477 |   2.5 |  4445k |  33 |  24 |  13 |  56 |2948 |  0 |   5 |   0 | 5.561995e-01 | 5.561499e-01 |   0.01%|  99.98%
  1.0s|  1900 |   380 |  4703 |   2.5 |  4667k |  33 |  24 |  13 |  62 |3113 |  2 |   5 |   0 | 5.561970e-01 | 5.561499e-01 |   0.01%|  99.98%
  1.0s|  2000 |   392 |  4881 |   2.4 |  4712k |  33 |  24 |  13 |  60 |3243 |  2 |   5 |   0 | 5.561721e-01 | 5.561499e-01 |   0.00%|  99.99%
  1.0s|  2100 |   382 |  5065 |   2.4 |  4729k |  33 |  24 |  13 |  60 |3377 |  2 |   5 |   0 | 5.561681e-01 | 5.561499e-01 |   0.00%|  99.99%
  1.0s|  2200 |   362 |  5227 |   2.4 |  4758k |  34 |  24 |  13 |  57 |3513 |  1 |   5 |   0 | 5.561661e-01 | 5.561499e-01 |   0.00%|  99.99%
* 1.0s|  2216 |   321 |  5255 |   2.4 |    LP  |  34 |  24 |  13 |  68 |3541 |  2 |   5 |   0 | 5.561661e-01 | 5.561503e-01 |   0.00%|  99.99%
  1.0s|  2300 |   295 |  5395 |   2.3 |  4768k |  34 |  24 |  13 |  64 |3645 |  0 |   5 |   0 | 5.561645e-01 | 5.561503e-01 |   0.00%|  99.99%
  1.0s|  2400 |   261 |  5539 |   2.3 |  4776k |  34 |  24 |  13 |  64 |3753 |  1 |   5 |   0 | 5.561642e-01 | 5.561503e-01 |   0.00%|  99.99%
  1.0s|  2500 |   209 |  5703 |   2.3 |  4791k |  34 |  24 |  13 |  63 |3862 |  1 |   5 |   0 | 5.561624e-01 | 5.561503e-01 |   0.00%|  99.99%
  1.0s|  2600 |   141 |  5837 |   2.2 |  4816k |  34 |  24 |  13 |  65 |3966 |  0 |   5 |   0 | 5.561614e-01 | 5.561503e-01 |   0.00%| 100.00%
  1.0s|  2700 |    81 |  5956 |   2.2 |  4816k |  34 |  24 |  13 |  66 |4031 |  0 |   5 |   0 | 5.561604e-01 | 5.561503e-01 |   0.00%| 100.00%
  1.0s|  2800 |    39 |  6096 |   2.2 |  4816k |  34 |  24 |  13 |  55 |4105 |  1 |   5 |   0 | 5.561592e-01 | 5.561503e-01 |   0.00%| 100.00%

SCIP Status        : problem is solved [optimal solution found]
Solving Time (sec) : 1.00
Solving Nodes      : 2851
Primal Bound       : +5.56150335787898e-01 (8 solutions)
Dual Bound         : +5.56150335787898e-01
Gap                : 0.00 %


solution status: optimal solution found
objective value:                    0.556150335787898
objvar                              0.556150335787898 	(obj:1)
w1                                            0.25025 	(obj:0)
w2                                            0.25025 	(obj:0)
w3                                            0.25025 	(obj:0)
a1                                  0.250250958730511 	(obj:0)
a2                                  0.250250958730511 	(obj:0)
b1                                  0.749749041269489 	(obj:0)
c1                                  0.749749041269489 	(obj:0)
n1                                  0.337001698474407 	(obj:0)
n2                                  0.333779194373066 	(obj:0)
n3                                  0.333778455287177 	(obj:0)
written solution information to file <E:\code\scip\ZPL\logs\case12.sol>


