SCIP version 10.0.2 [precision: 8 byte] [memory: block] [mode: optimized] [LP solver: SoPlex 8.0.2] [GitHash: b8eaf989f9]
Copyright (c) 2002-2026 Zuse Institute Berlin (ZIB)

External libraries: 
  SoPlex 8.0.2         Linear programming solver developed at Zuse Institute Berlin (soplex.zib.de) [GitHash: cfadddc4]
  CppAD 20180000.0     Algorithmic Differentiation of C++ algorithms developed by B. Bell (github.com/coin-or/CppAD)
  ZLIB 1.3.1           General purpose compression library by J. Gailly and M. Adler (zlib.net)
  MPFR 4.2.2           GNU Multiple Precision Floating-Point Reliable Library (mpfr.org)
  Boost 1.89.0         Boost C++ Libraries (boost.org)
  TinyCThread 1.2      small portable implementation of the C11 threads API (tinycthread.github.io)
  GMP 6.3.0            GNU Multiple Precision Arithmetic Library developed by T. Granlund (gmplib.org)
  ZIMPL 3.7.1          Zuse Institute Mathematical Programming Language developed by T. Koch (zimpl.zib.de)
  AMPL/MP 4.0.4        AMPL .nl file reader library (github.com/ampl/mp)
  PaPILO 3.0.0         parallel presolve for integer and linear optimization (github.com/scipopt/papilo) (built with TBB) [GitHash: 4cbdc327]
  Nauty 2.8.8          Computing Graph Automorphism Groups by Brendan D. McKay (users.cecs.anu.edu.au/~bdm/nauty)
  sassy 2.1            Symmetry preprocessor by Markus Anders (github.com/markusa4/sassy)
  Ipopt 3.14.19        Interior Point Optimizer developed by A. Waechter et.al. (github.com/coin-or/Ipopt)

user parameter file <scip.set> not found - using default parameters


read problem <case8.lp>
============

original problem has 12 variables (0 bin, 0 int, 12 cont) and 13 constraints

presolving:
(round 1, fast)       0 del vars, 0 del conss, 0 add conss, 3 chg bounds, 0 chg sides, 0 chg coeffs, 0 upgd conss, 0 impls, 0 clqs, 0 implints
   (0.0s) symmetry computation started: requiring (bin +, int +, cont +), (fixed: bin -, int -, cont -)
   (0.0s) no symmetry present (symcode time: 0.00)
presolving (2 rounds: 2 fast, 1 medium, 1 exhaustive):
 0 deleted vars, 0 deleted constraints, 0 added constraints, 3 tightened bounds, 0 added holes, 0 changed sides, 0 changed coefficients
 0 implications, 0 cliques, 0 implied integral variables (0 bin, 0 int, 0 cont)
presolved problem has 12 variables (0 bin, 0 int, 12 cont) and 13 constraints
     10 constraints of type <linear>
      3 constraints of type <nonlinear>
Presolving Time: 0.00

 time | node  | left  |LP iter|LP it/n|mem/heur|mdpt |vars |cons |rows |cuts |sepa|confs|strbr|  dualbound   | primalbound  |  gap   | compl. 
  0.0s|     1 |     0 |     5 |     - |  1476k |   0 |  21 |  13 |  19 |   0 |  0 |   0 |   0 | 1.000000e+00 |      --      |    Inf | unknown
L 0.0s|     1 |     0 |     5 |     - |  subnlp|   0 |  21 |  13 |  19 |   0 |  0 |   0 |   0 | 1.000000e+00 | 5.020020e-01 |  99.20%| unknown
  0.0s|     1 |     0 |     8 |     - |  1526k |   0 |  21 |  13 |  20 |   1 |  1 |   0 |   0 | 1.000000e+00 | 5.020020e-01 |  99.20%| unknown
  0.0s|     1 |     0 |     8 |     - |  1526k |   0 |  21 |  13 |  20 |   1 |  1 |   0 |   0 | 1.000000e+00 | 5.020020e-01 |  99.20%| unknown
  0.0s|     1 |     0 |    12 |     - |  1526k |   0 |  21 |  13 |  21 |   2 |  2 |   0 |   0 | 1.000000e+00 | 5.020020e-01 |  99.20%| unknown
  0.0s|     1 |     0 |   133 |     - |  1527k |   0 |  21 |  13 |  21 |   2 |  3 |   0 |   0 | 1.000000e+00 | 5.020020e-01 |  99.20%| unknown
  0.0s|     1 |     0 |   134 |     - |  1527k |   0 |  21 |  13 |  22 |   3 |  4 |   0 |   0 | 1.000000e+00 | 5.020020e-01 |  99.20%| unknown
L 0.0s|     1 |     0 |   134 |     - |  subnlp|   0 |  21 |  13 |  22 |   3 |  5 |   0 |   0 | 1.000000e+00 | 5.020020e-01 |  99.20%| unknown
L 0.0s|     1 |     0 |   134 |     - |multista|   0 |  21 |  13 |  22 |   3 |  5 |   0 |   0 | 1.000000e+00 | 5.020021e-01 |  99.20%| unknown
  0.0s|     1 |     0 |   134 |     - |  1598k |   0 |  21 |  13 |  22 |   3 |  5 |   0 |   0 | 1.000000e+00 | 5.020021e-01 |  99.20%| unknown
  0.0s|     1 |     2 |   134 |     - |  1603k |   0 |  21 |  13 |  22 |   3 |  6 |   0 |   0 | 1.000000e+00 | 5.020021e-01 |  99.20%| unknown
  0.0s|   100 |   101 |   472 |   4.5 |  1910k |   6 |  21 |  13 |  32 | 281 |  2 |   0 |   0 | 8.361564e-01 | 5.020021e-01 |  66.56%| unknown
  0.0s|   200 |   195 |   689 |   3.3 |  2195k |   8 |  21 |  13 |  32 | 454 |  2 |   0 |   0 | 6.734498e-01 | 5.020021e-01 |  34.15%|  31.89%
  0.0s|   300 |   265 |   979 |   3.2 |  2311k |   9 |  21 |  13 |  40 | 684 |  1 |   0 |   0 | 6.059811e-01 | 5.020021e-01 |  20.71%|  45.12%
  0.0s|   400 |   175 |  1213 |   3.0 |  2319k |  10 |  21 |  13 |  35 | 695 |  0 |   0 |   0 | 5.871686e-01 | 5.020021e-01 |  16.97%|  60.54%
 time | node  | left  |LP iter|LP it/n|mem/heur|mdpt |vars |cons |rows |cuts |sepa|confs|strbr|  dualbound   | primalbound  |  gap   | compl. 
  0.0s|   500 |    75 |  1449 |   2.9 |  2319k |  10 |  21 |  13 |  35 | 695 |  0 |   0 |   0 | 5.692581e-01 | 5.020021e-01 |  13.40%|  76.16%

SCIP Status        : problem is solved [optimal solution found]
Solving Time (sec) : 0.00
Solving Nodes      : 575
Primal Bound       : +5.02002052052246e-01 (3 solutions)
Dual Bound         : +5.02002052052246e-01
Gap                : 0.00 %


objective value:                    0.502002052052246
n2                                  0.502002052052246 	(obj:1)
w3                                  0.250750001261584 	(obj:0)
w2                                  0.250750006239468 	(obj:0)
w1                                  0.249749996249474 	(obj:0)
c2                                  0.250750011241692 	(obj:0)
b2                               -9.98997383870414e-09 	(obj:0)
a1                                  0.249749996239538 	(obj:0)
b1                                  0.499499972538673 	(obj:0)
a2                                  0.249750006229582 	(obj:0)
c1                                  0.250750001251648 	(obj:0)
n1                                  0.999005391007638 	(obj:0)
n3                                  0.999005391007644 	(obj:0)


