SCIP version 10.0.2 [precision: 8 byte] [memory: block] [mode: optimized] [LP solver: SoPlex 8.0.2] [GitHash: b8eaf989f9]
Copyright (c) 2002-2026 Zuse Institute Berlin (ZIB)

External libraries: 
  SoPlex 8.0.2         Linear programming solver developed at Zuse Institute Berlin (soplex.zib.de) [GitHash: cfadddc4]
  CppAD 20180000.0     Algorithmic Differentiation of C++ algorithms developed by B. Bell (github.com/coin-or/CppAD)
  ZLIB 1.3.1           General purpose compression library by J. Gailly and M. Adler (zlib.net)
  MPFR 4.2.2           GNU Multiple Precision Floating-Point Reliable Library (mpfr.org)
  Boost 1.89.0         Boost C++ Libraries (boost.org)
  TinyCThread 1.2      small portable implementation of the C11 threads API (tinycthread.github.io)
  GMP 6.3.0            GNU Multiple Precision Arithmetic Library developed by T. Granlund (gmplib.org)
  ZIMPL 3.7.1          Zuse Institute Mathematical Programming Language developed by T. Koch (zimpl.zib.de)
  AMPL/MP 4.0.4        AMPL .nl file reader library (github.com/ampl/mp)
  PaPILO 3.0.0         parallel presolve for integer and linear optimization (github.com/scipopt/papilo) (built with TBB) [GitHash: 4cbdc327]
  Nauty 2.8.8          Computing Graph Automorphism Groups by Brendan D. McKay (users.cecs.anu.edu.au/~bdm/nauty)
  sassy 2.1            Symmetry preprocessor by Markus Anders (github.com/markusa4/sassy)
  Ipopt 3.14.19        Interior Point Optimizer developed by A. Waechter et.al. (github.com/coin-or/Ipopt)

user parameter file <scip.set> not found - using default parameters


read problem <E:\code\scip\ZPL\lp-files\case2.lp>
============

original problem has 13 variables (0 bin, 0 int, 13 cont) and 16 constraints

presolving:
(round 1, fast)       0 del vars, 0 del conss, 0 add conss, 4 chg bounds, 0 chg sides, 0 chg coeffs, 0 upgd conss, 0 impls, 0 clqs, 0 implints
   (0.0s) symmetry computation started: requiring (bin +, int +, cont +), (fixed: bin -, int -, cont -)
   (0.0s) no symmetry present (symcode time: 0.00)
presolving (2 rounds: 2 fast, 1 medium, 1 exhaustive):
 0 deleted vars, 0 deleted constraints, 0 added constraints, 4 tightened bounds, 0 added holes, 0 changed sides, 0 changed coefficients
 0 implications, 0 cliques, 0 implied integral variables (0 bin, 0 int, 0 cont)
presolved problem has 13 variables (0 bin, 0 int, 13 cont) and 16 constraints
     12 constraints of type <linear>
      4 constraints of type <nonlinear>
Presolving Time: 0.00

 time | node  | left  |LP iter|LP it/n|mem/heur|mdpt |vars |cons |rows |cuts |sepa|confs|strbr|  dualbound   | primalbound  |  gap   | compl. 
  0.0s|     1 |     0 |     3 |     - |  1528k |   0 |  24 |  16 |  23 |   0 |  0 |   0 |   0 | 1.000000e+00 |      --      |    Inf | unknown
L 0.0s|     1 |     0 |     3 |     - |  subnlp|   0 |  24 |  16 |  23 |   0 |  0 |   0 |   0 | 1.000000e+00 | 5.010011e-01 |  99.60%| unknown
  0.0s|     1 |     0 |     9 |     - |  1570k |   0 |  24 |  16 |  26 |   3 |  1 |   0 |   0 | 1.000000e+00 | 5.010011e-01 |  99.60%| unknown
  0.0s|     1 |     0 |     9 |     - |  1570k |   0 |  24 |  16 |  26 |   3 |  1 |   0 |   0 | 1.000000e+00 | 5.010011e-01 |  99.60%| unknown
  0.0s|     1 |     0 |    10 |     - |  1570k |   0 |  24 |  16 |  27 |   4 |  2 |   0 |   0 | 1.000000e+00 | 5.010011e-01 |  99.60%| unknown
  0.0s|     1 |     0 |    11 |     - |  1570k |   0 |  24 |  16 |  28 |   5 |  3 |   0 |   0 | 1.000000e+00 | 5.010011e-01 |  99.60%| unknown
  0.0s|     1 |     0 |   183 |     - |  1572k |   0 |  24 |  16 |  28 |   5 |  4 |   0 |   0 | 1.000000e+00 | 5.010011e-01 |  99.60%| unknown
  0.0s|     1 |     0 |   193 |     - |  1572k |   0 |  24 |  16 |  31 |   8 |  5 |   0 |   0 | 1.000000e+00 | 5.010011e-01 |  99.60%| unknown
  0.0s|     1 |     0 |   196 |     - |  1576k |   0 |  24 |  16 |  33 |  10 |  6 |   0 |   0 | 1.000000e+00 | 5.010011e-01 |  99.60%| unknown
  0.0s|     1 |     0 |   197 |     - |  1576k |   0 |  24 |  16 |  34 |  11 |  7 |   0 |   0 | 1.000000e+00 | 5.010011e-01 |  99.60%| unknown
  0.0s|     1 |     2 |   197 |     - |  1629k |   0 |  24 |  16 |  34 |  11 |  8 |   0 |   0 | 1.000000e+00 | 5.010011e-01 |  99.60%| unknown
  0.0s|   100 |    85 |   574 |   5.5 |  1956k |   7 |  24 |  16 |  41 | 269 |  2 |   0 |   0 | 6.066051e-01 | 5.010011e-01 |  21.08%|  49.51%
  0.0s|   200 |   139 |   890 |   4.3 |  2091k |   9 |  24 |  16 |  42 | 493 |  2 |   0 |   0 | 5.476409e-01 | 5.010011e-01 |   9.31%|  66.30%
  0.0s|   300 |   113 |  1127 |   3.7 |  2281k |  11 |  24 |  16 |  40 | 591 |  0 |   0 |   0 | 5.326724e-01 | 5.010011e-01 |   6.32%|  79.59%
  0.0s|   400 |    47 |  1330 |   3.3 |  2287k |  13 |  24 |  16 |  48 | 669 |  2 |   0 |   0 | 5.121140e-01 | 5.010011e-01 |   2.22%|  93.86%

SCIP Status        : problem is solved [optimal solution found]
Solving Time (sec) : 0.00
Solving Nodes      : 463
Primal Bound       : +5.01001055960925e-01 (1 solutions)
Dual Bound         : +5.01001055960925e-01
Gap                : 0.00 %


solution status: optimal solution found
objective value:                    0.501001055960925
objvar                              0.501001055960925 	(obj:1)
w1                                  0.250249997497403 	(obj:0)
w2                                  0.250250007487403 	(obj:0)
w3                                  0.250249997517791 	(obj:0)
a1                                  0.250249997467338 	(obj:0)
b2                               -9.9899899592777e-09 	(obj:0)
c2                                  0.250250007497851 	(obj:0)
a2                                  0.247240805432422 	(obj:0)
b1                                  0.499499985044781 	(obj:0)
c1                                  0.250249997507831 	(obj:0)
n1                                   1.00000000998002 	(obj:0)
n2                                  0.501001040970926 	(obj:0)
n3                                  0.999003007390371 	(obj:0)
written solution information to file <E:\code\scip\ZPL\logs\case2.sol>


